Result,Delay (ms),HTTP requests
PLANNING,6425.921623,73
